train compounds 49 paired exact 36
CDK2 5.8683813356508745 8.301029995663981
CDK1 5.11975822410452 6.3872161432802645
biochem_gate 38
development compounds 11 paired exact 9
CDK2 6.790484985457369 7.920818753952375
CDK1 5.221125527997261 5.812479279163537
biochem_gate 9
unique labels 120 groups 56
Traceback (most recent call last):
  File "/home/zbos/.local/share/cedar-runtime/20260908/bootstrap.py", line 10, in <module>
    sys.argv=args; sys.path.insert(0,os.path.dirname(os.path.abspath(args[0])));runpy.run_path(args[0],run_name='__main__')
                                                                                ^^^^^^^^^^^^^^^^^^^^^^^^^^^^^^^^^^^^^^^^^^^
  File "<frozen runpy>", line 287, in run_path
  File "<frozen runpy>", line 98, in _run_module_code
  File "<frozen runpy>", line 88, in _run_code
  File "CEDAR-SELECT/model-work/run.py", line 6, in <module>
    import numpy as np
  File "/home/zbos/.cache/molmonth-tools/gromacs-env/lib/python3.12/site-packages/numpy/__init__.py", line 109, in <module>
    from numpy.__config__ import show_config
  File "/home/zbos/.cache/molmonth-tools/gromacs-env/lib/python3.12/site-packages/numpy/__config__.py", line 4, in <module>
    from numpy._core._multiarray_umath import (
  File "/home/zbos/.cache/molmonth-tools/gromacs-env/lib/python3.12/site-packages/numpy/_core/__init__.py", line 24, in <module>
    from . import multiarray
  File "/home/zbos/.cache/molmonth-tools/gromacs-env/lib/python3.12/site-packages/numpy/_core/multiarray.py", line 115, in <module>
    @array_function_from_c_func_and_dispatcher(_multiarray_umath.empty_like)
     ^^^^^^^^^^^^^^^^^^^^^^^^^^^^^^^^^^^^^^^^^^^^^^^^^^^^^^^^^^^^^^^^^^^^^^^
  File "/home/zbos/.cache/molmonth-tools/gromacs-env/lib/python3.12/site-packages/numpy/_core/overrides.py", line 185, in decorator
    return array_function_dispatch(
           ^^^^^^^^^^^^^^^^^^^^^^^^
  File "/home/zbos/.cache/molmonth-tools/gromacs-env/lib/python3.12/site-packages/numpy/_core/overrides.py", line 161, in decorator
    doc = inspect.cleandoc(dispatcher.__doc__)
          ^^^^^^^^^^^^^^^^
AttributeError: module 'inspect' has no attribute 'cleandoc'
