[
  {
    "design_id": "SEL-D01",
    "smiles": "O=C1N([C@@H]2CCC[C@@H](O)C2)c2nc(Nc3c[nH]nc3OCC(F)(F)CO)ncc2C12CC2",
    "status": "abstain_from_model_led_selection; numerical_diagnostics_only",
    "nearest_training_id": "HC-f09d8bf1beda158f1bd5b8f5",
    "nearest_training_tanimoto": 0.8732394366197183,
    "similarity_domain": true,
    "same_stereochemical_core": true,
    "uncertainty": "unavailable calibrated uncertainty; model gate failed",
    "CDK2_diagnostic": 7.992936900310021,
    "CDK2_model_range_low": 7.478616012481127,
    "CDK2_model_range_high": 7.992936900310021,
    "CDK2_training_error_band": 0.9915668324631373,
    "CDK1_diagnostic": 5.691581171801665,
    "CDK1_model_range_low": 5.691581171801665,
    "CDK1_model_range_high": 5.920016730697082,
    "CDK1_training_error_band": 0.5086325546772974,
    "log_selectivity_diagnostic": 2.0514202816576668,
    "log_selectivity_model_range_low": 2.0514202816576668,
    "log_selectivity_model_range_high": 2.0729201696129382,
    "log_selectivity_training_error_band": 0.31140758120366474
  },
  {
    "design_id": "SEL-D02",
    "smiles": "CC(F)(F)COc1n[nH]cc1Nc1ncc2c(n1)N([C@@H]1CCC[C@@H](O)C1)C(=O)C21CC1",
    "status": "abstain_from_model_led_selection; numerical_diagnostics_only",
    "nearest_training_id": "HC-f09d8bf1beda158f1bd5b8f5",
    "nearest_training_tanimoto": 0.8857142857142857,
    "similarity_domain": true,
    "same_stereochemical_core": true,
    "uncertainty": "unavailable calibrated uncertainty; model gate failed",
    "CDK2_diagnostic": 7.882605827296213,
    "CDK2_model_range_low": 7.478616012481127,
    "CDK2_model_range_high": 7.882605827296213,
    "CDK2_training_error_band": 0.9915668324631373,
    "CDK1_diagnostic": 5.691581171801665,
    "CDK1_model_range_low": 5.691581171801665,
    "CDK1_model_range_high": 5.817875054846852,
    "CDK1_training_error_band": 0.5086325546772974,
    "log_selectivity_diagnostic": 2.0514202816576668,
    "log_selectivity_model_range_low": 2.0514202816576668,
    "log_selectivity_model_range_high": 2.064730772449359,
    "log_selectivity_training_error_band": 0.31140758120366474
  },
  {
    "design_id": "SEL-C39",
    "smiles": "O=C1N([C@@H]2CCC[C@@H](O)C2)c2nc(Nc3c[nH]nc3OCCF)ncc2C12CC2",
    "status": "historical_observation_not_prediction",
    "nearest_training_id": "HC-f62b975cee248388caed4d95",
    "nearest_training_tanimoto": 1.0,
    "similarity_domain": true,
    "same_stereochemical_core": true,
    "uncertainty": "unavailable calibrated uncertainty; model gate failed",
    "CDK2_diagnostic": 8.093280232198014,
    "CDK2_model_range_low": 7.478616012481127,
    "CDK2_model_range_high": 8.093280232198014,
    "CDK2_training_error_band": 0.9915668324631373,
    "CDK1_diagnostic": 5.691581171801665,
    "CDK1_model_range_low": 5.691581171801665,
    "CDK1_model_range_high": 5.890629873411203,
    "CDK1_training_error_band": 0.5086325546772974,
    "log_selectivity_diagnostic": 2.0514202816576668,
    "log_selectivity_model_range_low": 2.0514202816576668,
    "log_selectivity_model_range_high": 2.202650358786812,
    "log_selectivity_training_error_band": 0.31140758120366474
  },
  {
    "design_id": "SEL-C41",
    "smiles": "O=C1N([C@@H]2CCC[C@@H](O)C2)c2nc(Nc3c[nH]nc3OCC(F)F)ncc2C12CC2",
    "status": "historical_observation_not_prediction",
    "nearest_training_id": "HC-5126418e5255ba63322fe094",
    "nearest_training_tanimoto": 1.0,
    "similarity_domain": true,
    "same_stereochemical_core": true,
    "uncertainty": "unavailable calibrated uncertainty; model gate failed",
    "CDK2_diagnostic": 8.093280232198014,
    "CDK2_model_range_low": 7.478616012481127,
    "CDK2_model_range_high": 8.093280232198014,
    "CDK2_training_error_band": 0.9915668324631373,
    "CDK1_diagnostic": 5.691581171801665,
    "CDK1_model_range_low": 5.691581171801665,
    "CDK1_model_range_high": 5.890629873411203,
    "CDK1_training_error_band": 0.5086325546772974,
    "log_selectivity_diagnostic": 2.0514202816576668,
    "log_selectivity_model_range_low": 2.0514202816576668,
    "log_selectivity_model_range_high": 2.202650358786812,
    "log_selectivity_training_error_band": 0.31140758120366474
  }
]
